<html>
<body>
<pre>
<h1>礦ision Build Log</h1>
<h2>Tool Versions:</h2>
IDE-Version: μVision V5.36.0.0
Copyright (C) 2021 ARM Ltd and ARM Germany GmbH. All rights reserved.
License Information: 1 realtemp, 11, LIC=PE7DL-0L62R-PC6J8-3V00A-I7FG9-NURGU
 
Tool Versions:
Toolchain:       MDK-ARM Plus  Version: 5.36.0.0
Toolchain Path:  D:\MDK5.36\ARM\ARMCC\Bin
C Compiler:      Armcc.exe V5.06 update 7 (build 960)
Assembler:       Armasm.exe V5.06 update 7 (build 960)
Linker/Locator:  ArmLink.exe V5.06 update 7 (build 960)
Library Manager: ArmAr.exe V5.06 update 7 (build 960)
Hex Converter:   FromElf.exe V5.06 update 7 (build 960)
CPU DLL:         SARMCM3.DLL V5.36.0.0
Dialog DLL:      DCM.DLL V1.17.3.0
Target DLL:      CMSIS_AGDI.dll V1.33.0.0
Dialog DLL:      TCM.DLL V1.53.0.0
 
<h2>Project:</h2>
C:\Users\realtemp\Desktop\1-书籍配套例程-F103ZE霸道V1V2_20240202\W5500以太网口\2.DHCP\Project\RVMDK（uv5）\iSO-STM32.uvprojx
Project File Date:  05/10/2024

<h2>Output:</h2>
*** Using Compiler 'V5.06 update 7 (build 960)', folder: 'D:\MDK5.36\ARM\ARMCC\Bin'
Build target 'Template'
assembling startup_stm32f10x_hd.s...
compiling core_cm3.c...
compiling stm32f10x_exti.c...
compiling system_stm32f10x.c...
compiling misc.c...
compiling stm32f10x_bkp.c...
compiling stm32f10x_flash.c...
compiling stm32f10x_gpio.c...
compiling stm32f10x_rcc.c...
compiling stm32f10x_usart.c...
compiling stm32f10x_it.c...
compiling stm32f10x_spi.c...
compiling bsp_usart1.c...
compiling main.c...
compiling bsp_led.c...
compiling stm32f10x_tim.c...
compiling bsp_TiMbase.c...
compiling bsp_i2c_gpio.c...
compiling bsp_i2c_ee.c...
compiling w5500.c...
compiling socket.c...
compiling w5500_conf.c...
compiling utility.c...
compiling dhcp.c...
linking...
Program Size: Code=23748 RO-data=344 RW-data=176 ZI-data=5272  
FromELF: creating hex file...
"..\..\Output\Template.axf" - 0 Error(s), 0 Warning(s).

<h2>Software Packages used:</h2>

Package Vendor: ARM
                http://www.keil.com/pack/ARM.CMSIS.5.8.0.pack
                ARM.CMSIS.5.8.0
                CMSIS (Common Microcontroller Software Interface Standard)
   * Component: CORE Version: 5.5.0

Package Vendor: Keil
                https://www.keil.com/pack/Keil.STM32F1xx_DFP.2.4.1.pack
                Keil.STM32F1xx_DFP.2.4.1
                STMicroelectronics STM32F1 Series Device Support, Drivers and Examples

<h2>Collection of Component include folders:</h2>
  .\RTE\_Template
  D:\MDK5.36\Packs\ARM\CMSIS\5.8.0\CMSIS\Core\Include
  D:\MDK5.36\Packs\Keil\STM32F1xx_DFP\2.4.1\Device\Include

<h2>Collection of Component Files used:</h2>

   * Component: ARM::CMSIS:CORE:5.5.0
Build Time Elapsed:  00:00:07
</pre>
</body>
</html>
